"transaction submit error ShelleyTxValidationError ShelleyBasedEraBabbage (ApplyTxError [UtxowFailure (UtxoFailure (AlonzoInBabbageUtxoPredFailure (ValueNotConservedUTxO (MaryValue (Coin 0) (MultiAsset (fromList []))) (MaryValue (Coin 300000000000) (MultiAsset (fromList [])))))),UtxowFailure (UtxoFailure (AlonzoInBabbageUtxoPredFailure (BadInputsUTxO (fromList [TxIn (TxId {unTxId = SafeHash \"xxxxxxxxxxxxxxxxxxxxxxxxxxxxxxxxxxxxxxxxxxxxxxxxxxxxxxxxxxxxxxxx\"}) (TxIx 0)]))))])"